
> @nailflow/web@0.1.0 build
> next build

  Ôû▓ Next.js 14.2.15

   Creating an optimized production build ...
 Ô£ô Compiled successfully
   Skipping linting
   Checking validity of types ...
node.exe : Failed to compile.
En línea: 1 Carácter: 1
+ & "C:\Program 
Files\nodejs/node.exe" 
"C:\Program 
Files\nodejs/node_mo ...
+ ~~~~~~~~~~~~~~~~~~~~~~~~~~~
~~~~~~~~~~~~~~~~~~~~~~~~~~~~~
~~~~~~~~~~~~~
    + CategoryInfo           
   : NotSpecified: (Failed   
  to compile.:String) [],    
 RemoteException
    + FullyQualifiedErrorId  
   : NativeCommandError
 

./src/app/admin/agenda/page.t
sx:67:23
Type error: Property 
'completeAppointment' does 
not exist on type '{ 
uploadImage: (tenantId: 
string, path: string, file: 
File) => Promise<string>; 
getTenant: (domain: string) 
=> Promise<Tenant | null>; 
getTenantById: (tenantId: 
string) => Promise<...>; ... 
8 more ...; updateTenant: 
(tenantId: string, data: 
any) => Promise<...>; }'.

[0m [90m 65 |[39m         
setCompleting(apt[33m.[39mi
d)[33m;[39m[0m
[0m [90m 66 |[39m         
[36mtry[39m {[0m
[0m[31m[1m>[22m[39m[90m
 67 |[39m             
[36mawait[39m api[33m.[39
mcompleteAppointment(tenantId
[33m,[39m 
apt[33m.[39mid[33m,[39m s
vc[33m.[39mestimated_price
[33m,[39m apt[33m.[39mstaf
f_id[33m,[39m apt[33m.[39
mdate)[33m;[39m[0m
[0m [90m    |[39m         
              
[31m[1m^[22m[39m[0m
[0m [90m 68 |[39m         
    setAppointments(prev 
[33m=>[39m 
prev[33m.[39mmap(a 
[33m=>[39m a[33m.[39mid 
[33m===[39m 
apt[33m.[39mid [33m?[39m 
{ [33m...[39ma[33m,[39m 
status[33m:[39m 
[32m'completed'[39m 
[36mas[39m [36mconst[39m 
} [33m:[39m 
a))[33m;[39m[0m
[0m [90m 69 |[39m         
} [36mcatch[39m (e) {[0m
[0m [90m 70 |[39m         
    console[33m.[39merror(
[32m'Error completing appoint
ment:'[39m[33m,[39m 
e)[33m;[39m[0m
npm error Lifecycle script 
`build` failed with error:
npm error code 1
npm error path C:\Users\hp\Do
cuments\Antigravity\nailflow\
apps\web
npm error workspace 
@nailflow/web@0.1.0
npm error location C:\Users\h
p\Documents\Antigravity\nailf
low\apps\web
npm error command failed
npm error command 
C:\WINDOWS\system32\cmd.exe 
/d /s /c next build
